Archive member included to satisfy reference by file (symbol)

C:/xpack/xpack-arm-none-eabi-gcc-14.2.1-1.1/bin/../lib/gcc/arm-none-eabi/14.2.1/thumb/v6-m/nofp\libgcc.a(_udivsi3.o)
                              ./Release/.obj/__/__/__/Drivers/PY32F002B_HAL_Driver/Src/py32f002b_ll_utils.o (__aeabi_uidiv)
C:/xpack/xpack-arm-none-eabi-gcc-14.2.1-1.1/bin/../lib/gcc/arm-none-eabi/14.2.1/thumb/v6-m/nofp\libgcc.a(_divsi3.o)
                              ./Release/.obj/__/Src/main.o (__aeabi_idiv)
C:/xpack/xpack-arm-none-eabi-gcc-14.2.1-1.1/bin/../lib/gcc/arm-none-eabi/14.2.1/thumb/v6-m/nofp\libgcc.a(_dvmd_tls.o)
                              C:/xpack/xpack-arm-none-eabi-gcc-14.2.1-1.1/bin/../lib/gcc/arm-none-eabi/14.2.1/thumb/v6-m/nofp\libgcc.a(_udivsi3.o) (__aeabi_idiv0)
C:/xpack/xpack-arm-none-eabi-gcc-14.2.1-1.1/bin/../lib/gcc/arm-none-eabi/14.2.1/../../../../arm-none-eabi/lib/thumb/v6-m/nofp\libc_nano.a(libc_a-atexit.o)
                              C:/xpack/xpack-arm-none-eabi-gcc-14.2.1-1.1/bin/../lib/gcc/arm-none-eabi/14.2.1/../../../../arm-none-eabi/lib/thumb/v6-m/nofp/crt0.o (atexit)
C:/xpack/xpack-arm-none-eabi-gcc-14.2.1-1.1/bin/../lib/gcc/arm-none-eabi/14.2.1/../../../../arm-none-eabi/lib/thumb/v6-m/nofp\libc_nano.a(libc_a-exit.o)
                              C:/xpack/xpack-arm-none-eabi-gcc-14.2.1-1.1/bin/../lib/gcc/arm-none-eabi/14.2.1/../../../../arm-none-eabi/lib/thumb/v6-m/nofp/crt0.o (exit)
C:/xpack/xpack-arm-none-eabi-gcc-14.2.1-1.1/bin/../lib/gcc/arm-none-eabi/14.2.1/../../../../arm-none-eabi/lib/thumb/v6-m/nofp\libc_nano.a(libc_a-findfp.o)
                              C:/xpack/xpack-arm-none-eabi-gcc-14.2.1-1.1/bin/../lib/gcc/arm-none-eabi/14.2.1/../../../../arm-none-eabi/lib/thumb/v6-m/nofp\libc_nano.a(libc_a-exit.o) (__stdio_exit_handler)
C:/xpack/xpack-arm-none-eabi-gcc-14.2.1-1.1/bin/../lib/gcc/arm-none-eabi/14.2.1/../../../../arm-none-eabi/lib/thumb/v6-m/nofp\libc_nano.a(libc_a-fwalk.o)
                              C:/xpack/xpack-arm-none-eabi-gcc-14.2.1-1.1/bin/../lib/gcc/arm-none-eabi/14.2.1/../../../../arm-none-eabi/lib/thumb/v6-m/nofp\libc_nano.a(libc_a-findfp.o) (_fwalk_sglue)
C:/xpack/xpack-arm-none-eabi-gcc-14.2.1-1.1/bin/../lib/gcc/arm-none-eabi/14.2.1/../../../../arm-none-eabi/lib/thumb/v6-m/nofp\libc_nano.a(libc_a-printf.o)
                              ./Release/.obj/__/Src/main.o (printf)
C:/xpack/xpack-arm-none-eabi-gcc-14.2.1-1.1/bin/../lib/gcc/arm-none-eabi/14.2.1/../../../../arm-none-eabi/lib/thumb/v6-m/nofp\libc_nano.a(libc_a-setvbuf.o)
                              ./Release/.obj/__/BSP/py32f002bxx_ll_Start_Kit.o (setvbuf)
C:/xpack/xpack-arm-none-eabi-gcc-14.2.1-1.1/bin/../lib/gcc/arm-none-eabi/14.2.1/../../../../arm-none-eabi/lib/thumb/v6-m/nofp\libc_nano.a(libc_a-stdio.o)
                              C:/xpack/xpack-arm-none-eabi-gcc-14.2.1-1.1/bin/../lib/gcc/arm-none-eabi/14.2.1/../../../../arm-none-eabi/lib/thumb/v6-m/nofp\libc_nano.a(libc_a-findfp.o) (__sread)
C:/xpack/xpack-arm-none-eabi-gcc-14.2.1-1.1/bin/../lib/gcc/arm-none-eabi/14.2.1/../../../../arm-none-eabi/lib/thumb/v6-m/nofp\libc_nano.a(libc_a-memset.o)
                              C:/xpack/xpack-arm-none-eabi-gcc-14.2.1-1.1/bin/../lib/gcc/arm-none-eabi/14.2.1/../../../../arm-none-eabi/lib/thumb/v6-m/nofp/crt0.o (memset)
C:/xpack/xpack-arm-none-eabi-gcc-14.2.1-1.1/bin/../lib/gcc/arm-none-eabi/14.2.1/../../../../arm-none-eabi/lib/thumb/v6-m/nofp\libc_nano.a(libc_a-closer.o)
                              C:/xpack/xpack-arm-none-eabi-gcc-14.2.1-1.1/bin/../lib/gcc/arm-none-eabi/14.2.1/../../../../arm-none-eabi/lib/thumb/v6-m/nofp\libc_nano.a(libc_a-stdio.o) (_close_r)
C:/xpack/xpack-arm-none-eabi-gcc-14.2.1-1.1/bin/../lib/gcc/arm-none-eabi/14.2.1/../../../../arm-none-eabi/lib/thumb/v6-m/nofp\libc_nano.a(libc_a-reent.o)
                              C:/xpack/xpack-arm-none-eabi-gcc-14.2.1-1.1/bin/../lib/gcc/arm-none-eabi/14.2.1/../../../../arm-none-eabi/lib/thumb/v6-m/nofp\libc_nano.a(libc_a-closer.o) (errno)
C:/xpack/xpack-arm-none-eabi-gcc-14.2.1-1.1/bin/../lib/gcc/arm-none-eabi/14.2.1/../../../../arm-none-eabi/lib/thumb/v6-m/nofp\libc_nano.a(libc_a-impure.o)
                              ./Release/.obj/__/BSP/py32f002bxx_ll_Start_Kit.o (_impure_ptr)
C:/xpack/xpack-arm-none-eabi-gcc-14.2.1-1.1/bin/../lib/gcc/arm-none-eabi/14.2.1/../../../../arm-none-eabi/lib/thumb/v6-m/nofp\libc_nano.a(libc_a-lseekr.o)
                              C:/xpack/xpack-arm-none-eabi-gcc-14.2.1-1.1/bin/../lib/gcc/arm-none-eabi/14.2.1/../../../../arm-none-eabi/lib/thumb/v6-m/nofp\libc_nano.a(libc_a-stdio.o) (_lseek_r)
C:/xpack/xpack-arm-none-eabi-gcc-14.2.1-1.1/bin/../lib/gcc/arm-none-eabi/14.2.1/../../../../arm-none-eabi/lib/thumb/v6-m/nofp\libc_nano.a(libc_a-readr.o)
                              C:/xpack/xpack-arm-none-eabi-gcc-14.2.1-1.1/bin/../lib/gcc/arm-none-eabi/14.2.1/../../../../arm-none-eabi/lib/thumb/v6-m/nofp\libc_nano.a(libc_a-stdio.o) (_read_r)
[...]
Memory Configuration

Name             Origin             Length             Attributes
RAM              0x20000000         0x00000c00         xrw
FLASH            0x08000000         0x00006000         xr
*default*        0x00000000         0xffffffff

Linker script and memory map

LOAD C:/xpack/xpack-arm-none-eabi-gcc-14.2.1-1.1/bin/../lib/gcc/arm-none-eabi/14.2.1/thumb/v6-m/nofp/crti.o
LOAD C:/xpack/xpack-arm-none-eabi-gcc-14.2.1-1.1/bin/../lib/gcc/arm-none-eabi/14.2.1/thumb/v6-m/nofp/crtbegin.o
LOAD C:/xpack/xpack-arm-none-eabi-gcc-14.2.1-1.1/bin/../lib/gcc/arm-none-eabi/14.2.1/../../../../arm-none-eabi/lib/thumb/v6-m/nofp/crt0.o
LOAD ./Release/.obj/__/__/__/Drivers/PY32F002B_HAL_Driver/Src/py32f002b_ll_utils.o
LOAD ./Release/.obj/__/BSP/py32f002bxx_ll_Start_Kit.o
LOAD ./Release/.obj/__/Src/main.o
LOAD ./Release/.obj/__/Src/py32f002b_it.o
LOAD ./Release/.obj/__/System/startup_py32f002bxx.o
LOAD ./Release/.obj/__/System/system_py32f002b.o
LOAD C:/xpack/xpack-arm-none-eabi-gcc-14.2.1-1.1/bin/../lib/gcc/arm-none-eabi/14.2.1/../../../../arm-none-eabi/lib/thumb/v6-m/nofp\libm.a
START GROUP
LOAD C:/xpack/xpack-arm-none-eabi-gcc-14.2.1-1.1/bin/../lib/gcc/arm-none-eabi/14.2.1/thumb/v6-m/nofp\libgcc.a
LOAD C:/xpack/xpack-arm-none-eabi-gcc-14.2.1-1.1/bin/../lib/gcc/arm-none-eabi/14.2.1/../../../../arm-none-eabi/lib/thumb/v6-m/nofp\libc_nano.a
END GROUP
START GROUP
LOAD C:/xpack/xpack-arm-none-eabi-gcc-14.2.1-1.1/bin/../lib/gcc/arm-none-eabi/14.2.1/thumb/v6-m/nofp\libgcc.a
LOAD C:/xpack/xpack-arm-none-eabi-gcc-14.2.1-1.1/bin/../lib/gcc/arm-none-eabi/14.2.1/../../../../arm-none-eabi/lib/thumb/v6-m/nofp\libc_nano.a
LOAD C:/xpack/xpack-arm-none-eabi-gcc-14.2.1-1.1/bin/../lib/gcc/arm-none-eabi/14.2.1/../../../../arm-none-eabi/lib/thumb/v6-m/nofp\libnosys.a
END GROUP
START GROUP
LOAD C:/xpack/xpack-arm-none-eabi-gcc-14.2.1-1.1/bin/../lib/gcc/arm-none-eabi/14.2.1/thumb/v6-m/nofp\libgcc.a
LOAD C:/xpack/xpack-arm-none-eabi-gcc-14.2.1-1.1/bin/../lib/gcc/arm-none-eabi/14.2.1/../../../../arm-none-eabi/lib/thumb/v6-m/nofp\libc_nano.a
LOAD C:/xpack/xpack-arm-none-eabi-gcc-14.2.1-1.1/bin/../lib/gcc/arm-none-eabi/14.2.1/../../../../arm-none-eabi/lib/thumb/v6-m/nofp\libnosys.a
END GROUP
LOAD C:/xpack/xpack-arm-none-eabi-gcc-14.2.1-1.1/bin/../lib/gcc/arm-none-eabi/14.2.1/thumb/v6-m/nofp/crtend.o
LOAD C:/xpack/xpack-arm-none-eabi-gcc-14.2.1-1.1/bin/../lib/gcc/arm-none-eabi/14.2.1/thumb/v6-m/nofp/crtn.o
                0x20000c00                        _estack = (ORIGIN (RAM) + LENGTH (RAM))
                0x00000000                        _Min_Heap_Size = 0x0
                0x00000400                        _Min_Stack_Size = 0x400

.isr_vector     0x08000000       0xc0
                0x08000000                        . = ALIGN (0x4)
 *(.isr_vector)
 .isr_vector    0x08000000       0xc0 ./Release/.obj/__/System/startup_py32f002bxx.o
                0x08000000                g_pfnVectors
                0x080000c0                        . = ALIGN (0x4)

.text           0x080000c0     0x1a6c
                0x080000c0                        . = ALIGN (0x4)
 *(.text)
 .text          0x080000c0      0x114 C:/xpack/xpack-arm-none-eabi-gcc-14.2.1-1.1/bin/../lib/gcc/arm-none-eabi/14.2.1/thumb/v6-m/nofp\libgcc.a(_udivsi3.o)
                0x080000c0                __aeabi_uidiv
                0x080000c0                __udivsi3
                0x080001cc                __aeabi_uidivmod
 .text          0x080001d4      0x1d4 C:/xpack/xpack-arm-none-eabi-gcc-14.2.1-1.1/bin/../lib/gcc/arm-none-eabi/14.2.1/thumb/v6-m/nofp\libgcc.a(_divsi3.o)
                0x080001d4                __divsi3
                0x080001d4                __aeabi_idiv
                0x080003a0                __aeabi_idivmod
 .text          0x080003a8        0x4 C:/xpack/xpack-arm-none-eabi-gcc-14.2.1-1.1/bin/../lib/gcc/arm-none-eabi/14.2.1/thumb/v6-m/nofp\libgcc.a(_dvmd_tls.o)
                0x080003a8                __aeabi_idiv0
                0x080003a8                __aeabi_ldiv0
 .text          0x080003ac       0x14 C:/xpack/xpack-arm-none-eabi-gcc-14.2.1-1.1/bin/../lib/gcc/arm-none-eabi/14.2.1/thumb/v6-m/nofp\libgcc.a(_thumb1_case_shi.o)
                0x080003ac                __gnu_thumb1_case_shi
 *(.text*)
 .text.__do_global_dtors_aux
                0x080003c0       0x28 C:/xpack/xpack-arm-none-eabi-gcc-14.2.1-1.1/bin/../lib/gcc/arm-none-eabi/14.2.1/thumb/v6-m/nofp/crtbegin.o
 .text.frame_dummy
                0x080003e8       0x20 C:/xpack/xpack-arm-none-eabi-gcc-14.2.1-1.1/bin/../lib/gcc/arm-none-eabi/14.2.1/thumb/v6-m/nofp/crtbegin.o
 .text.LL_Init1msTick
                0x08000408       0x20 ./Release/.obj/__/__/__/Drivers/PY32F002B_HAL_Driver/Src/py32f002b_ll_utils.o
                0x08000408                LL_Init1msTick
 .text.LL_mDelay
                0x08000428       0x2c ./Release/.obj/__/__/__/Drivers/PY32F002B_HAL_Driver/Src/py32f002b_ll_utils.o
                0x08000428                LL_mDelay
 .text.LL_SetSystemCoreClock
                0x08000454        0xc ./Release/.obj/__/__/__/Drivers/PY32F002B_HAL_Driver/Src/py32f002b_ll_utils.o
                0x08000454                LL_SetSystemCoreClock
 .text.LL_IOP_GRP1_EnableClock
                0x08000460       0x1c ./Release/.obj/__/BSP/py32f002bxx_ll_Start_Kit.o
 .text.BSP_LED_Init
                0x0800047c       0x28 ./Release/.obj/__/BSP/py32f002bxx_ll_Start_Kit.o
                0x0800047c                BSP_LED_Init
 .text.BSP_PB_Init
                0x080004a4       0x68 ./Release/.obj/__/BSP/py32f002bxx_ll_Start_Kit.o
                0x080004a4                BSP_PB_Init
 .text.BSP_USART_Config
                0x0800050c      0x13c ./Release/.obj/__/BSP/py32f002bxx_ll_Start_Kit.o
                0x0800050c                BSP_USART_Config
 .text.__io_putchar
                0x08000648       0x1c ./Release/.obj/__/BSP/py32f002bxx_ll_Start_Kit.o
                0x08000648                __io_putchar
 .text._write   0x08000664       0x1a ./Release/.obj/__/BSP/py32f002bxx_ll_Start_Kit.o
                0x08000664                _write
 *fill*         0x0800067e        0x2 
 .text.LL_APB1_GRP2_EnableClock
                0x08000680       0x1c ./Release/.obj/__/Src/main.o
 .text.startup.main
                0x0800069c      0x320 ./Release/.obj/__/Src/main.o
                0x0800069c                main
 .text.NMI_Handler
                0x080009bc        0x2 ./Release/.obj/__/Src/py32f002b_it.o
                0x080009bc                NMI_Handler
 .text.HardFault_Handler
                0x080009be        0x2 ./Release/.obj/__/Src/py32f002b_it.o
                0x080009be                HardFault_Handler
 .text.SVC_Handler
                0x080009c0        0x2 ./Release/.obj/__/Src/py32f002b_it.o
                0x080009c0                SVC_Handler
 .text.PendSV_Handler
                0x080009c2        0x2 ./Release/.obj/__/Src/py32f002b_it.o
                0x080009c2                PendSV_Handler
 .text.SysTick_Handler
                0x080009c4        0x2 ./Release/.obj/__/Src/py32f002b_it.o
                0x080009c4                SysTick_Handler
 *fill*         0x080009c6        0x2 
 .text.Reset_Handler
                0x080009c8       0x50 ./Release/.obj/__/System/startup_py32f002bxx.o
                0x080009c8                Reset_Handler
 .text.Default_Handler
                0x08000a18        0x2 ./Release/.obj/__/System/startup_py32f002bxx.o
                0x08000a18                TIM1_CC_IRQHandler
                0x08000a18                I2C1_IRQHandler
                0x08000a18                SPI1_IRQHandler
                0x08000a18                EXTI2_3_IRQHandler
                0x08000a18                EXTI4_15_IRQHandler
                0x08000a18                RCC_IRQHandler
                0x08000a18                Default_Handler
                0x08000a18                TIM14_IRQHandler
                0x08000a18                EXTI0_1_IRQHandler
                0x08000a18                ADC_COMP_IRQHandler
                0x08000a18                FLASH_IRQHandler
                0x08000a18                USART1_IRQHandler
                0x08000a18                TIM1_BRK_UP_TRG_COM_IRQHandler
                0x08000a18                LPTIM1_IRQHandler
 *fill*         0x08000a1a        0x2 
 .text.SystemInit
                0x08000a1c       0x60 ./Release/.obj/__/System/system_py32f002b.o
                0x08000a1c                SystemInit
 .text.std      0x08000a7c       0x6c C:/xpack/xpack-arm-none-eabi-gcc-14.2.1-1.1/bin/../lib/gcc/arm-none-eabi/14.2.1/../../../../arm-none-eabi/lib/thumb/v6-m/nofp\libc_nano.a(libc_a-findfp.o)
 .text.stdio_exit_handler
                0x08000ae8       0x1c C:/xpack/xpack-arm-none-eabi-gcc-14.2.1-1.1/bin/../lib/gcc/arm-none-eabi/14.2.1/../../../../arm-none-eabi/lib/thumb/v6-m/nofp\libc_nano.a(libc_a-findfp.o)
 .text.cleanup_stdio
                0x08000b04       0x3c C:/xpack/xpack-arm-none-eabi-gcc-14.2.1-1.1/bin/../lib/gcc/arm-none-eabi/14.2.1/../../../../arm-none-eabi/lib/thumb/v6-m/nofp\libc_nano.a(libc_a-findfp.o)
 .text.global_stdio_init.part.0
                0x08000b40       0x3c C:/xpack/xpack-arm-none-eabi-gcc-14.2.1-1.1/bin/../lib/gcc/arm-none-eabi/14.2.1/../../../../arm-none-eabi/lib/thumb/v6-m/nofp\libc_nano.a(libc_a-findfp.o)
 .text.__sfp_lock_acquire
                0x08000b7c       0x10 C:/xpack/xpack-arm-none-eabi-gcc-14.2.1-1.1/bin/../lib/gcc/arm-none-eabi/14.2.1/../../../../arm-none-eabi/lib/thumb/v6-m/nofp\libc_nano.a(libc_a-findfp.o)
                0x08000b7c                __sfp_lock_acquire
 .text.__sfp_lock_release
                0x08000b8c       0x10 C:/xpack/xpack-arm-none-eabi-gcc-14.2.1-1.1/bin/../lib/gcc/arm-none-eabi/14.2.1/../../../../arm-none-eabi/lib/thumb/v6-m/nofp\libc_nano.a(libc_a-findfp.o)
                0x08000b8c                __sfp_lock_release
 .text.__sinit  0x08000b9c       0x30 C:/xpack/xpack-arm-none-eabi-gcc-14.2.1-1.1/bin/../lib/gcc/arm-none-eabi/14.2.1/../../../../arm-none-eabi/lib/thumb/v6-m/nofp\libc_nano.a(libc_a-findfp.o)
                0x08000b9c                __sinit
 .text._fwalk_sglue
                0x08000bcc       0x38 C:/xpack/xpack-arm-none-eabi-gcc-14.2.1-1.1/bin/../lib/gcc/arm-none-eabi/14.2.1/../../../../arm-none-eabi/lib/thumb/v6-m/nofp\libc_nano.a(libc_a-fwalk.o)
                0x08000bcc                _fwalk_sglue
 .text.printf   0x08000c04       0x20 C:/xpack/xpack-arm-none-eabi-gcc-14.2.1-1.1/bin/../lib/gcc/arm-none-eabi/14.2.1/../../../../arm-none-eabi/lib/thumb/v6-m/nofp\libc_nano.a(libc_a-printf.o)
                0x08000c04                iprintf
                0x08000c04                printf
 .text.setvbuf  0x08000c24      0x16c C:/xpack/xpack-arm-none-eabi-gcc-14.2.1-1.1/bin/../lib/gcc/arm-none-eabi/14.2.1/../../../../arm-none-eabi/lib/thumb/v6-m/nofp\libc_nano.a(libc_a-setvbuf.o)
                0x08000c24                setvbuf
 .text.__sread  0x08000d90       0x28 C:/xpack/xpack-arm-none-eabi-gcc-14.2.1-1.1/bin/../lib/gcc/arm-none-eabi/14.2.1/../../../../arm-none-eabi/lib/thumb/v6-m/nofp\libc_nano.a(libc_a-stdio.o)
                0x08000d90                __sread
 .text.__swrite
                0x08000db8       0x38 C:/xpack/xpack-arm-none-eabi-gcc-14.2.1-1.1/bin/../lib/gcc/arm-none-eabi/14.2.1/../../../../arm-none-eabi/lib/thumb/v6-m/nofp\libc_nano.a(libc_a-stdio.o)
                0x08000db8                __swrite
 .text.__sseek  0x08000df0       0x2c C:/xpack/xpack-arm-none-eabi-gcc-14.2.1-1.1/bin/../lib/gcc/arm-none-eabi/14.2.1/../../../../arm-none-eabi/lib/thumb/v6-m/nofp\libc_nano.a(libc_a-stdio.o)
                0x08000df0                __sseek
 .text.__sclose
                0x08000e1c        0xc C:/xpack/xpack-arm-none-eabi-gcc-14.2.1-1.1/bin/../lib/gcc/arm-none-eabi/14.2.1/../../../../arm-none-eabi/lib/thumb/v6-m/nofp\libc_nano.a(libc_a-stdio.o)
                0x08000e1c                __sclose
 .text.memset   0x08000e28       0x10 C:/xpack/xpack-arm-none-eabi-gcc-14.2.1-1.1/bin/../lib/gcc/arm-none-eabi/14.2.1/../../../../arm-none-eabi/lib/thumb/v6-m/nofp\libc_nano.a(libc_a-memset.o)
                0x08000e28                memset
 .text._close_r
                0x08000e38       0x24 C:/xpack/xpack-arm-none-eabi-gcc-14.2.1-1.1/bin/../lib/gcc/arm-none-eabi/14.2.1/../../../../arm-none-eabi/lib/thumb/v6-m/nofp\libc_nano.a(libc_a-closer.o)
                0x08000e38                _close_r
 .text._lseek_r
                0x08000e5c       0x28 C:/xpack/xpack-arm-none-eabi-gcc-14.2.1-1.1/bin/../lib/gcc/arm-none-eabi/14.2.1/../../../../arm-none-eabi/lib/thumb/v6-m/nofp\libc_nano.a(libc_a-lseekr.o)
                0x08000e5c                _lseek_r
 .text._read_r  0x08000e84       0x28 C:/xpack/xpack-arm-none-eabi-gcc-14.2.1-1.1/bin/../lib/gcc/arm-none-eabi/14.2.1/../../../../arm-none-eabi/lib/thumb/v6-m/nofp\libc_nano.a(libc_a-readr.o)
                0x08000e84                _read_r
 .text._write_r
                0x08000eac       0x28 C:/xpack/xpack-arm-none-eabi-gcc-14.2.1-1.1/bin/../lib/gcc/arm-none-eabi/14.2.1/../../../../arm-none-eabi/lib/thumb/v6-m/nofp\libc_nano.a(libc_a-writer.o)
                0x08000eac                _write_r
 .text.__libc_init_array
                0x08000ed4       0x48 C:/xpack/xpack-arm-none-eabi-gcc-14.2.1-1.1/bin/../lib/gcc/arm-none-eabi/14.2.1/../../../../arm-none-eabi/lib/thumb/v6-m/nofp\libc_nano.a(libc_a-init.o)
                0x08000ed4                __libc_init_array
 .text.__retarget_lock_init_recursive
                0x08000f1c        0x2 C:/xpack/xpack-arm-none-eabi-gcc-14.2.1-1.1/bin/../lib/gcc/arm-none-eabi/14.2.1/../../../../arm-none-eabi/lib/thumb/v6-m/nofp\libc_nano.a(libc_a-lock.o)
                0x08000f1c                __retarget_lock_init_recursive
 .text.__retarget_lock_acquire_recursive
                0x08000f1e        0x2 C:/xpack/xpack-arm-none-eabi-gcc-14.2.1-1.1/bin/../lib/gcc/arm-none-eabi/14.2.1/../../../../arm-none-eabi/lib/thumb/v6-m/nofp\libc_nano.a(libc_a-lock.o)
                0x08000f1e                __retarget_lock_acquire_recursive
 .text.__retarget_lock_release_recursive
                0x08000f20        0x2 C:/xpack/xpack-arm-none-eabi-gcc-14.2.1-1.1/bin/../lib/gcc/arm-none-eabi/14.2.1/../../../../arm-none-eabi/lib/thumb/v6-m/nofp\libc_nano.a(libc_a-lock.o)
                0x08000f20                __retarget_lock_release_recursive
 *fill*         0x08000f22        0x2 
 .text._free_r  0x08000f24       0x94 C:/xpack/xpack-arm-none-eabi-gcc-14.2.1-1.1/bin/../lib/gcc/arm-none-eabi/14.2.1/../../../../arm-none-eabi/lib/thumb/v6-m/nofp\libc_nano.a(libc_a-freer.o)
                0x08000f24                _free_r
 .text.malloc   0x08000fb8       0x14 C:/xpack/xpack-arm-none-eabi-gcc-14.2.1-1.1/bin/../lib/gcc/arm-none-eabi/14.2.1/../../../../arm-none-eabi/lib/thumb/v6-m/nofp\libc_nano.a(libc_a-malloc.o)
                0x08000fb8                malloc
 .text.sbrk_aligned
                0x08000fcc       0x44 C:/xpack/xpack-arm-none-eabi-gcc-14.2.1-1.1/bin/../lib/gcc/arm-none-eabi/14.2.1/../../../../arm-none-eabi/lib/thumb/v6-m/nofp\libc_nano.a(libc_a-mallocr.o)
 .text._malloc_r
                0x08001010      0x100 C:/xpack/xpack-arm-none-eabi-gcc-14.2.1-1.1/bin/../lib/gcc/arm-none-eabi/14.2.1/../../../../arm-none-eabi/lib/thumb/v6-m/nofp\libc_nano.a(libc_a-mallocr.o)
                0x08001010                _malloc_r
 .text.__malloc_lock
                0x08001110       0x10 C:/xpack/xpack-arm-none-eabi-gcc-14.2.1-1.1/bin/../lib/gcc/arm-none-eabi/14.2.1/../../../../arm-none-eabi/lib/thumb/v6-m/nofp\libc_nano.a(libc_a-mlock.o)
                0x08001110                __malloc_lock
 .text.__malloc_unlock
                0x08001120       0x10 C:/xpack/xpack-arm-none-eabi-gcc-14.2.1-1.1/bin/../lib/gcc/arm-none-eabi/14.2.1/../../../../arm-none-eabi/lib/thumb/v6-m/nofp\libc_nano.a(libc_a-mlock.o)
                0x08001120                __malloc_unlock
 .text.__sfputc_r
                0x08001130       0x2a C:/xpack/xpack-arm-none-eabi-gcc-14.2.1-1.1/bin/../lib/gcc/arm-none-eabi/14.2.1/../../../../arm-none-eabi/lib/thumb/v6-m/nofp\libc_nano.a(libc_a-nano-vfprintf.o)
 .text.__sfputs_r
                0x0800115a       0x24 C:/xpack/xpack-arm-none-eabi-gcc-14.2.1-1.1/bin/../lib/gcc/arm-none-eabi/14.2.1/../../../../arm-none-eabi/lib/thumb/v6-m/nofp\libc_nano.a(libc_a-nano-vfprintf.o)
                0x0800115a                __sfputs_r
 *fill*         0x0800117e        0x2 
 .text._vfprintf_r
                0x08001180      0x240 C:/xpack/xpack-arm-none-eabi-gcc-14.2.1-1.1/bin/../lib/gcc/arm-none-eabi/14.2.1/../../../../arm-none-eabi/lib/thumb/v6-m/nofp\libc_nano.a(libc_a-nano-vfprintf.o)
                0x08001180                _vfprintf_r
                0x08001180                _vfiprintf_r
 .text._printf_common
                0x080013c0       0xde C:/xpack/xpack-arm-none-eabi-gcc-14.2.1-1.1/bin/../lib/gcc/arm-none-eabi/14.2.1/../../../../arm-none-eabi/lib/thumb/v6-m/nofp\libc_nano.a(libc_a-nano-vfprintf_i.o)
                0x080013c0                _printf_common
 *fill*         0x0800149e        0x2 
 .text._printf_i
                0x080014a0      0x218 C:/xpack/xpack-arm-none-eabi-gcc-14.2.1-1.1/bin/../lib/gcc/arm-none-eabi/14.2.1/../../../../arm-none-eabi/lib/thumb/v6-m/nofp\libc_nano.a(libc_a-nano-vfprintf_i.o)
                0x080014a0                _printf_i
 .text.__sflush_r
                0x080016b8      0x114 C:/xpack/xpack-arm-none-eabi-gcc-14.2.1-1.1/bin/../lib/gcc/arm-none-eabi/14.2.1/../../../../arm-none-eabi/lib/thumb/v6-m/nofp\libc_nano.a(libc_a-fflush.o)
                0x080016b8                __sflush_r
 .text._fflush_r
                0x080017cc       0x56 C:/xpack/xpack-arm-none-eabi-gcc-14.2.1-1.1/bin/../lib/gcc/arm-none-eabi/14.2.1/../../../../arm-none-eabi/lib/thumb/v6-m/nofp\libc_nano.a(libc_a-fflush.o)
                0x080017cc                _fflush_r
 *fill*         0x08001822        0x2 
 .text.__swhatbuf_r
                0x08001824       0x54 C:/xpack/xpack-arm-none-eabi-gcc-14.2.1-1.1/bin/../lib/gcc/arm-none-eabi/14.2.1/../../../../arm-none-eabi/lib/thumb/v6-m/nofp\libc_nano.a(libc_a-makebuf.o)
                0x08001824                __swhatbuf_r
 .text.__smakebuf_r
                0x08001878       0x72 C:/xpack/xpack-arm-none-eabi-gcc-14.2.1-1.1/bin/../lib/gcc/arm-none-eabi/14.2.1/../../../../arm-none-eabi/lib/thumb/v6-m/nofp\libc_nano.a(libc_a-makebuf.o)
                0x08001878                __smakebuf_r
 .text.__swbuf_r
                0x080018ea       0x84 C:/xpack/xpack-arm-none-eabi-gcc-14.2.1-1.1/bin/../lib/gcc/arm-none-eabi/14.2.1/../../../../arm-none-eabi/lib/thumb/v6-m/nofp\libc_nano.a(libc_a-wbuf.o)
                0x080018ea                __swbuf_r
 *fill*         0x0800196e        0x2 
 .text.__swsetup_r
                0x08001970       0xb4 C:/xpack/xpack-arm-none-eabi-gcc-14.2.1-1.1/bin/../lib/gcc/arm-none-eabi/14.2.1/../../../../arm-none-eabi/lib/thumb/v6-m/nofp\libc_nano.a(libc_a-wsetup.o)
                0x08001970                __swsetup_r
 .text._fstat_r
                0x08001a24       0x24 C:/xpack/xpack-arm-none-eabi-gcc-14.2.1-1.1/bin/../lib/gcc/arm-none-eabi/14.2.1/../../../../arm-none-eabi/lib/thumb/v6-m/nofp\libc_nano.a(libc_a-fstatr.o)
                0x08001a24                _fstat_r
 .text._isatty_r
                0x08001a48       0x24 C:/xpack/xpack-arm-none-eabi-gcc-14.2.1-1.1/bin/../lib/gcc/arm-none-eabi/14.2.1/../../../../arm-none-eabi/lib/thumb/v6-m/nofp\libc_nano.a(libc_a-isattyr.o)
                0x08001a48                _isatty_r
 .text._sbrk_r  0x08001a6c       0x24 C:/xpack/xpack-arm-none-eabi-gcc-14.2.1-1.1/bin/../lib/gcc/arm-none-eabi/14.2.1/../../../../arm-none-eabi/lib/thumb/v6-m/nofp\libc_nano.a(libc_a-sbrkr.o)
                0x08001a6c                _sbrk_r
 .text.memchr   0x08001a90       0x16 C:/xpack/xpack-arm-none-eabi-gcc-14.2.1-1.1/bin/../lib/gcc/arm-none-eabi/14.2.1/../../../../arm-none-eabi/lib/thumb/v6-m/nofp\libc_nano.a(libc_a-memchr-stub.o)
                0x08001a90                memchr
 *fill*         0x08001aa6        0x2 
 .text._close   0x08001aa8       0x10 C:/xpack/xpack-arm-none-eabi-gcc-14.2.1-1.1/bin/../lib/gcc/arm-none-eabi/14.2.1/../../../../arm-none-eabi/lib/thumb/v6-m/nofp\libnosys.a(close.o)
                0x08001aa8                _close
 .text._fstat   0x08001ab8       0x10 C:/xpack/xpack-arm-none-eabi-gcc-14.2.1-1.1/bin/../lib/gcc/arm-none-eabi/14.2.1/../../../../arm-none-eabi/lib/thumb/v6-m/nofp\libnosys.a(fstat.o)
                0x08001ab8                _fstat
 .text._isatty  0x08001ac8       0x10 C:/xpack/xpack-arm-none-eabi-gcc-14.2.1-1.1/bin/../lib/gcc/arm-none-eabi/14.2.1/../../../../arm-none-eabi/lib/thumb/v6-m/nofp\libnosys.a(isatty.o)
                0x08001ac8                _isatty
 .text._lseek   0x08001ad8       0x10 C:/xpack/xpack-arm-none-eabi-gcc-14.2.1-1.1/bin/../lib/gcc/arm-none-eabi/14.2.1/../../../../arm-none-eabi/lib/thumb/v6-m/nofp\libnosys.a(lseek.o)
                0x08001ad8                _lseek
 .text._read    0x08001ae8       0x10 C:/xpack/xpack-arm-none-eabi-gcc-14.2.1-1.1/bin/../lib/gcc/arm-none-eabi/14.2.1/../../../../arm-none-eabi/lib/thumb/v6-m/nofp\libnosys.a(read.o)
                0x08001ae8                _read
 .text._sbrk    0x08001af8       0x1c C:/xpack/xpack-arm-none-eabi-gcc-14.2.1-1.1/bin/../lib/gcc/arm-none-eabi/14.2.1/../../../../arm-none-eabi/lib/thumb/v6-m/nofp\libnosys.a(sbrk.o)
                0x08001af8                _sbrk
 *(.glue_7)
 .glue_7        0x08001b14        0x0 linker stubs
 *(.glue_7t)
 .glue_7t       0x08001b14        0x0 linker stubs
 *(.eh_frame)
 .eh_frame      0x08001b14        0x0 C:/xpack/xpack-arm-none-eabi-gcc-14.2.1-1.1/bin/../lib/gcc/arm-none-eabi/14.2.1/thumb/v6-m/nofp/crtbegin.o
 *(.init)
 .init          0x08001b14        0x4 C:/xpack/xpack-arm-none-eabi-gcc-14.2.1-1.1/bin/../lib/gcc/arm-none-eabi/14.2.1/thumb/v6-m/nofp/crti.o
                0x08001b14                _init
 .init          0x08001b18        0x8 C:/xpack/xpack-arm-none-eabi-gcc-14.2.1-1.1/bin/../lib/gcc/arm-none-eabi/14.2.1/thumb/v6-m/nofp/crtn.o
 *(.fini)
 .fini          0x08001b20        0x4 C:/xpack/xpack-arm-none-eabi-gcc-14.2.1-1.1/bin/../lib/gcc/arm-none-eabi/14.2.1/thumb/v6-m/nofp/crti.o
                0x08001b20                _fini
 .fini          0x08001b24        0x8 C:/xpack/xpack-arm-none-eabi-gcc-14.2.1-1.1/bin/../lib/gcc/arm-none-eabi/14.2.1/thumb/v6-m/nofp/crtn.o
                0x08001b2c                        . = ALIGN (0x4)
                0x08001b2c                        _etext = .

.vfp11_veneer   0x08001b2c        0x0
 .vfp11_veneer  0x08001b2c        0x0 linker stubs

.v4_bx          0x08001b2c        0x0
 .v4_bx         0x08001b2c        0x0 linker stubs

.iplt           0x08001b2c        0x0
 .iplt          0x08001b2c        0x0 C:/xpack/xpack-arm-none-eabi-gcc-14.2.1-1.1/bin/../lib/gcc/arm-none-eabi/14.2.1/thumb/v6-m/nofp/crtbegin.o

.rodata         0x08001b2c       0x84
                0x08001b2c                        . = ALIGN (0x4)
 *(.rodata)
 *(.rodata*)
 .rodata.main.str1.1
                0x08001b2c       0x84 ./Release/.obj/__/Src/main.o
                                 0x51 (size before relaxing)
 .rodata._vfprintf_r.str1.1
                0x08001bb0       0x11 C:/xpack/xpack-arm-none-eabi-gcc-14.2.1-1.1/bin/../lib/gcc/arm-none-eabi/14.2.1/../../../../arm-none-eabi/lib/thumb/v6-m/nofp\libc_nano.a(libc_a-nano-vfprintf.o)
 .rodata._printf_i.str1.1
                0x08001bb0       0x22 C:/xpack/xpack-arm-none-eabi-gcc-14.2.1-1.1/bin/../lib/gcc/arm-none-eabi/14.2.1/../../../../arm-none-eabi/lib/thumb/v6-m/nofp\libc_nano.a(libc_a-nano-vfprintf_i.o)
                0x08001bd4                        . = ALIGN (0x4)

.rel.dyn        0x08001bb0        0x0
 .rel.iplt      0x08001bb0        0x0 C:/xpack/xpack-arm-none-eabi-gcc-14.2.1-1.1/bin/../lib/gcc/arm-none-eabi/14.2.1/thumb/v6-m/nofp/crtbegin.o

.ARM.extab
 *(.ARM.extab* .gnu.linkonce.armextab.*)

.ARM            0x08001bb0        0x0
                0x08001bb0                        __exidx_start = .
 *(.ARM.exidx*)
                0x08001bb0                        __exidx_end = .

.preinit_array  0x08001bb0        0x0
                0x08001bb0                        PROVIDE (__preinit_array_start = .)
 *(.preinit_array*)
                0x08001bb0                        PROVIDE (__preinit_array_end = .)

.init_array     0x08001bb0        0x4
                0x08001bb0                        PROVIDE (__init_array_start = .)
 *(SORT_BY_NAME(.init_array.*))
 *(.init_array*)
 .init_array    0x08001bb0        0x4 C:/xpack/xpack-arm-none-eabi-gcc-14.2.1-1.1/bin/../lib/gcc/arm-none-eabi/14.2.1/thumb/v6-m/nofp/crtbegin.o
                0x08001bb4                        PROVIDE (__init_array_end = .)

.fini_array     0x08001bb4        0x4
                0x08001bb4                        PROVIDE (__fini_array_start = .)
 *(SORT_BY_NAME(.fini_array.*))
 *(.fini_array*)
 .fini_array    0x08001bb4        0x4 C:/xpack/xpack-arm-none-eabi-gcc-14.2.1-1.1/bin/../lib/gcc/arm-none-eabi/14.2.1/thumb/v6-m/nofp/crtbegin.o
                0x08001bb8                        PROVIDE (__fini_array_end = .)
                0x08001bb8                        _sidata = LOADADDR (.data)

.data           0x20000000       0x68 load address 0x08001bb8
                0x20000000                        . = ALIGN (0x4)
                0x20000000                        _sdata = .
 *(.data)
 *(.data*)
 .data.BUTTON_PORT
                0x20000000        0x4 ./Release/.obj/__/BSP/py32f002bxx_ll_Start_Kit.o
                0x20000000                BUTTON_PORT
 .data.LED_PORT
                0x20000004        0x4 ./Release/.obj/__/BSP/py32f002bxx_ll_Start_Kit.o
                0x20000004                LED_PORT
 .data.SystemCoreClock
                0x20000008        0x4 ./Release/.obj/__/System/system_py32f002b.o
                0x20000008                SystemCoreClock
 .data.__sglue  0x2000000c        0xc C:/xpack/xpack-arm-none-eabi-gcc-14.2.1-1.1/bin/../lib/gcc/arm-none-eabi/14.2.1/../../../../arm-none-eabi/lib/thumb/v6-m/nofp\libc_nano.a(libc_a-findfp.o)
                0x2000000c                __sglue
 .data._impure_ptr
                0x20000018        0x4 C:/xpack/xpack-arm-none-eabi-gcc-14.2.1-1.1/bin/../lib/gcc/arm-none-eabi/14.2.1/../../../../arm-none-eabi/lib/thumb/v6-m/nofp\libc_nano.a(libc_a-impure.o)
                0x20000018                _impure_ptr
 .data._impure_data
                0x2000001c       0x4c C:/xpack/xpack-arm-none-eabi-gcc-14.2.1-1.1/bin/../lib/gcc/arm-none-eabi/14.2.1/../../../../arm-none-eabi/lib/thumb/v6-m/nofp\libc_nano.a(libc_a-impure.o)
                0x2000001c                _impure_data
                0x20000068                        . = ALIGN (0x4)
                0x20000068                        _edata = .

.igot.plt       0x20000068        0x0 load address 0x08001c20
 .igot.plt      0x20000068        0x0 C:/xpack/xpack-arm-none-eabi-gcc-14.2.1-1.1/bin/../lib/gcc/arm-none-eabi/14.2.1/thumb/v6-m/nofp/crtbegin.o
                0x20000068                        . = ALIGN (0x4)

.bss            0x20000068      0x174 load address 0x08001c20
                0x20000068                        _sbss = .
                0x20000068                        __bss_start__ = _sbss
 *(.bss)
 *(.bss*)
 .bss.completed.1
                0x20000068        0x1 C:/xpack/xpack-arm-none-eabi-gcc-14.2.1-1.1/bin/../lib/gcc/arm-none-eabi/14.2.1/thumb/v6-m/nofp/crtbegin.o
 *fill*         0x20000069        0x3 
 .bss.object.0  0x2000006c       0x18 C:/xpack/xpack-arm-none-eabi-gcc-14.2.1-1.1/bin/../lib/gcc/arm-none-eabi/14.2.1/thumb/v6-m/nofp/crtbegin.o
 .bss.T105_CAL  0x20000084        0x2 ./Release/.obj/__/Src/main.o
                0x20000084                T105_CAL
 .bss.T30_CAL   0x20000086        0x2 ./Release/.obj/__/Src/main.o
                0x20000086                T30_CAL
 .bss.VREF_CAL  0x20000088        0x2 ./Release/.obj/__/Src/main.o
                0x20000088                VREF_CAL
 *fill*         0x2000008a        0x2 
 .bss.__sf      0x2000008c      0x138 C:/xpack/xpack-arm-none-eabi-gcc-14.2.1-1.1/bin/../lib/gcc/arm-none-eabi/14.2.1/../../../../arm-none-eabi/lib/thumb/v6-m/nofp\libc_nano.a(libc_a-findfp.o)
                0x2000008c                __sf
 .bss.__stdio_exit_handler
                0x200001c4        0x4 C:/xpack/xpack-arm-none-eabi-gcc-14.2.1-1.1/bin/../lib/gcc/arm-none-eabi/14.2.1/../../../../arm-none-eabi/lib/thumb/v6-m/nofp\libc_nano.a(libc_a-findfp.o)
                0x200001c4                __stdio_exit_handler
 .bss.errno     0x200001c8        0x4 C:/xpack/xpack-arm-none-eabi-gcc-14.2.1-1.1/bin/../lib/gcc/arm-none-eabi/14.2.1/../../../../arm-none-eabi/lib/thumb/v6-m/nofp\libc_nano.a(libc_a-reent.o)
                0x200001c8                errno
 .bss.__lock___malloc_recursive_mutex
                0x200001cc        0x1 C:/xpack/xpack-arm-none-eabi-gcc-14.2.1-1.1/bin/../lib/gcc/arm-none-eabi/14.2.1/../../../../arm-none-eabi/lib/thumb/v6-m/nofp\libc_nano.a(libc_a-lock.o)
                0x200001cc                __lock___malloc_recursive_mutex
 .bss.__lock___sfp_recursive_mutex
                0x200001cd        0x1 C:/xpack/xpack-arm-none-eabi-gcc-14.2.1-1.1/bin/../lib/gcc/arm-none-eabi/14.2.1/../../../../arm-none-eabi/lib/thumb/v6-m/nofp\libc_nano.a(libc_a-lock.o)
                0x200001cd                __lock___sfp_recursive_mutex
 *fill*         0x200001ce        0x2 
 .bss.__malloc_sbrk_start
                0x200001d0        0x4 C:/xpack/xpack-arm-none-eabi-gcc-14.2.1-1.1/bin/../lib/gcc/arm-none-eabi/14.2.1/../../../../arm-none-eabi/lib/thumb/v6-m/nofp\libc_nano.a(libc_a-mallocr.o)
                0x200001d0                __malloc_sbrk_start
 .bss.__malloc_free_list
                0x200001d4        0x4 C:/xpack/xpack-arm-none-eabi-gcc-14.2.1-1.1/bin/../lib/gcc/arm-none-eabi/14.2.1/../../../../arm-none-eabi/lib/thumb/v6-m/nofp\libc_nano.a(libc_a-mallocr.o)
                0x200001d4                __malloc_free_list
 .bss.heap_end.0
                0x200001d8        0x4 C:/xpack/xpack-arm-none-eabi-gcc-14.2.1-1.1/bin/../lib/gcc/arm-none-eabi/14.2.1/../../../../arm-none-eabi/lib/thumb/v6-m/nofp\libnosys.a(sbrk.o)
 *(COMMON)
                0x200001dc                        . = ALIGN (0x4)
                0x200001dc                        _ebss = .
                0x200001dc                        __bss_end__ = _ebss

._user_heap_stack
                0x200001dc      0x404 load address 0x08001c20
                0x200001e0                        . = ALIGN (0x8)
 *fill*         0x200001dc        0x4 
                0x200001e0                        PROVIDE (end = .)
                [!provide]                        PROVIDE (_end = .)
                0x200001e0                        . = (. + _Min_Heap_Size)
                0x200005e0                        . = (. + _Min_Stack_Size)
 *fill*         0x200001e0      0x400 
                0x200005e0                        . = ALIGN (0x8)

/DISCARD/
 libc.a(*)
 libm.a(*)
 libgcc.a(*)

.ARM.attributes
                0x00000000       0x28
 *(.ARM.attributes)
 .ARM.attributes
                0x00000000       0x1e C:/xpack/xpack-arm-none-eabi-gcc-14.2.1-1.1/bin/../lib/gcc/arm-none-eabi/14.2.1/thumb/v6-m/nofp/crti.o
 .ARM.attributes
                0x0000001e       0x2c C:/xpack/xpack-arm-none-eabi-gcc-14.2.1-1.1/bin/../lib/gcc/arm-none-eabi/14.2.1/thumb/v6-m/nofp/crtbegin.o
 .ARM.attributes
                0x0000004a       0x2c ./Release/.obj/__/__/__/Drivers/PY32F002B_HAL_Driver/Src/py32f002b_ll_utils.o
 .ARM.attributes
                0x00000076       0x2c ./Release/.obj/__/BSP/py32f002bxx_ll_Start_Kit.o
 .ARM.attributes
                0x000000a2       0x2c ./Release/.obj/__/Src/main.o
 .ARM.attributes
                0x000000ce       0x2c ./Release/.obj/__/Src/py32f002b_it.o
 .ARM.attributes
                0x000000fa       0x22 ./Release/.obj/__/System/startup_py32f002bxx.o
 .ARM.attributes
                0x0000011c       0x2c ./Release/.obj/__/System/system_py32f002b.o
 .ARM.attributes
                0x00000148       0x1e C:/xpack/xpack-arm-none-eabi-gcc-14.2.1-1.1/bin/../lib/gcc/arm-none-eabi/14.2.1/thumb/v6-m/nofp\libgcc.a(_udivsi3.o)
 .ARM.attributes
                0x00000166       0x1e C:/xpack/xpack-arm-none-eabi-gcc-14.2.1-1.1/bin/../lib/gcc/arm-none-eabi/14.2.1/thumb/v6-m/nofp\libgcc.a(_divsi3.o)
 .ARM.attributes
                0x00000184       0x1e C:/xpack/xpack-arm-none-eabi-gcc-14.2.1-1.1/bin/../lib/gcc/arm-none-eabi/14.2.1/thumb/v6-m/nofp\libgcc.a(_dvmd_tls.o)
 .ARM.attributes
                0x000001a2       0x2c C:/xpack/xpack-arm-none-eabi-gcc-14.2.1-1.1/bin/../lib/gcc/arm-none-eabi/14.2.1/../../../../arm-none-eabi/lib/thumb/v6-m/nofp\libc_nano.a(libc_a-findfp.o)
 .ARM.attributes
                0x000001ce       0x2c C:/xpack/xpack-arm-none-eabi-gcc-14.2.1-1.1/bin/../lib/gcc/arm-none-eabi/14.2.1/../../../../arm-none-eabi/lib/thumb/v6-m/nofp\libc_nano.a(libc_a-fwalk.o)
 .ARM.attributes
                0x000001fa       0x2c C:/xpack/xpack-arm-none-eabi-gcc-14.2.1-1.1/bin/../lib/gcc/arm-none-eabi/14.2.1/../../../../arm-none-eabi/lib/thumb/v6-m/nofp\libc_nano.a(libc_a-printf.o)
 .ARM.attributes
                0x00000226       0x2c C:/xpack/xpack-arm-none-eabi-gcc-14.2.1-1.1/bin/../lib/gcc/arm-none-eabi/14.2.1/../../../../arm-none-eabi/lib/thumb/v6-m/nofp\libc_nano.a(libc_a-setvbuf.o)
 .ARM.attributes
                0x00000252       0x2c C:/xpack/xpack-arm-none-eabi-gcc-14.2.1-1.1/bin/../lib/gcc/arm-none-eabi/14.2.1/../../../../arm-none-eabi/lib/thumb/v6-m/nofp\libc_nano.a(libc_a-stdio.o)
 .ARM.attributes
                0x0000027e       0x2c C:/xpack/xpack-arm-none-eabi-gcc-14.2.1-1.1/bin/../lib/gcc/arm-none-eabi/14.2.1/../../../../arm-none-eabi/lib/thumb/v6-m/nofp\libc_nano.a(libc_a-memset.o)
 .ARM.attributes
                0x000002aa       0x2c C:/xpack/xpack-arm-none-eabi-gcc-14.2.1-1.1/bin/../lib/gcc/arm-none-eabi/14.2.1/../../../../arm-none-eabi/lib/thumb/v6-m/nofp\libc_nano.a(libc_a-closer.o)
 .ARM.attributes
                0x000002d6       0x2c C:/xpack/xpack-arm-none-eabi-gcc-14.2.1-1.1/bin/../lib/gcc/arm-none-eabi/14.2.1/../../../../arm-none-eabi/lib/thumb/v6-m/nofp\libc_nano.a(libc_a-reent.o)
 .ARM.attributes
                0x00000302       0x2c C:/xpack/xpack-arm-none-eabi-gcc-14.2.1-1.1/bin/../lib/gcc/arm-none-eabi/14.2.1/../../../../arm-none-eabi/lib/thumb/v6-m/nofp\libc_nano.a(libc_a-impure.o)
 .ARM.attributes
                0x0000032e       0x2c C:/xpack/xpack-arm-none-eabi-gcc-14.2.1-1.1/bin/../lib/gcc/arm-none-eabi/14.2.1/../../../../arm-none-eabi/lib/thumb/v6-m/nofp\libc_nano.a(libc_a-lseekr.o)
 .ARM.attributes
                0x0000035a       0x2c C:/xpack/xpack-arm-none-eabi-gcc-14.2.1-1.1/bin/../lib/gcc/arm-none-eabi/14.2.1/../../../../arm-none-eabi/lib/thumb/v6-m/nofp\libc_nano.a(libc_a-readr.o)
 .ARM.attributes
                0x00000386       0x2c C:/xpack/xpack-arm-none-eabi-gcc-14.2.1-1.1/bin/../lib/gcc/arm-none-eabi/14.2.1/../../../../arm-none-eabi/lib/thumb/v6-m/nofp\libc_nano.a(libc_a-writer.o)
 .ARM.attributes
                0x000003b2       0x2c C:/xpack/xpack-arm-none-eabi-gcc-14.2.1-1.1/bin/../lib/gcc/arm-none-eabi/14.2.1/../../../../arm-none-eabi/lib/thumb/v6-m/nofp\libc_nano.a(libc_a-init.o)
 .ARM.attributes
                0x000003de       0x2c C:/xpack/xpack-arm-none-eabi-gcc-14.2.1-1.1/bin/../lib/gcc/arm-none-eabi/14.2.1/../../../../arm-none-eabi/lib/thumb/v6-m/nofp\libc_nano.a(libc_a-lock.o)
 .ARM.attributes
                0x0000040a       0x2c C:/xpack/xpack-arm-none-eabi-gcc-14.2.1-1.1/bin/../lib/gcc/arm-none-eabi/14.2.1/../../../../arm-none-eabi/lib/thumb/v6-m/nofp\libc_nano.a(libc_a-freer.o)
 .ARM.attributes
                0x00000436       0x2c C:/xpack/xpack-arm-none-eabi-gcc-14.2.1-1.1/bin/../lib/gcc/arm-none-eabi/14.2.1/../../../../arm-none-eabi/lib/thumb/v6-m/nofp\libc_nano.a(libc_a-malloc.o)
 .ARM.attributes
                0x00000462       0x2c C:/xpack/xpack-arm-none-eabi-gcc-14.2.1-1.1/bin/../lib/gcc/arm-none-eabi/14.2.1/../../../../arm-none-eabi/lib/thumb/v6-m/nofp\libc_nano.a(libc_a-mallocr.o)
 .ARM.attributes
                0x0000048e       0x2c C:/xpack/xpack-arm-none-eabi-gcc-14.2.1-1.1/bin/../lib/gcc/arm-none-eabi/14.2.1/../../../../arm-none-eabi/lib/thumb/v6-m/nofp\libc_nano.a(libc_a-mlock.o)
 .ARM.attributes
                0x000004ba       0x2c C:/xpack/xpack-arm-none-eabi-gcc-14.2.1-1.1/bin/../lib/gcc/arm-none-eabi/14.2.1/../../../../arm-none-eabi/lib/thumb/v6-m/nofp\libc_nano.a(libc_a-nano-vfprintf.o)
 .ARM.attributes
                0x000004e6       0x2c C:/xpack/xpack-arm-none-eabi-gcc-14.2.1-1.1/bin/../lib/gcc/arm-none-eabi/14.2.1/../../../../arm-none-eabi/lib/thumb/v6-m/nofp\libc_nano.a(libc_a-nano-vfprintf_i.o)
 .ARM.attributes
                0x00000512       0x2c C:/xpack/xpack-arm-none-eabi-gcc-14.2.1-1.1/bin/../lib/gcc/arm-none-eabi/14.2.1/../../../../arm-none-eabi/lib/thumb/v6-m/nofp\libc_nano.a(libc_a-fflush.o)
 .ARM.attributes
                0x0000053e       0x2c C:/xpack/xpack-arm-none-eabi-gcc-14.2.1-1.1/bin/../lib/gcc/arm-none-eabi/14.2.1/../../../../arm-none-eabi/lib/thumb/v6-m/nofp\libc_nano.a(libc_a-makebuf.o)
 .ARM.attributes
                0x0000056a       0x2c C:/xpack/xpack-arm-none-eabi-gcc-14.2.1-1.1/bin/../lib/gcc/arm-none-eabi/14.2.1/../../../../arm-none-eabi/lib/thumb/v6-m/nofp\libc_nano.a(libc_a-wbuf.o)
 .ARM.attributes
                0x00000596       0x2c C:/xpack/xpack-arm-none-eabi-gcc-14.2.1-1.1/bin/../lib/gcc/arm-none-eabi/14.2.1/../../../../arm-none-eabi/lib/thumb/v6-m/nofp\libc_nano.a(libc_a-wsetup.o)
 .ARM.attributes
                0x000005c2       0x2c C:/xpack/xpack-arm-none-eabi-gcc-14.2.1-1.1/bin/../lib/gcc/arm-none-eabi/14.2.1/../../../../arm-none-eabi/lib/thumb/v6-m/nofp\libc_nano.a(libc_a-fstatr.o)
 .ARM.attributes
                0x000005ee       0x2c C:/xpack/xpack-arm-none-eabi-gcc-14.2.1-1.1/bin/../lib/gcc/arm-none-eabi/14.2.1/../../../../arm-none-eabi/lib/thumb/v6-m/nofp\libc_nano.a(libc_a-isattyr.o)
 .ARM.attributes
                0x0000061a       0x2c C:/xpack/xpack-arm-none-eabi-gcc-14.2.1-1.1/bin/../lib/gcc/arm-none-eabi/14.2.1/../../../../arm-none-eabi/lib/thumb/v6-m/nofp\libc_nano.a(libc_a-sbrkr.o)
 .ARM.attributes
                0x00000646       0x2c C:/xpack/xpack-arm-none-eabi-gcc-14.2.1-1.1/bin/../lib/gcc/arm-none-eabi/14.2.1/../../../../arm-none-eabi/lib/thumb/v6-m/nofp\libc_nano.a(libc_a-memchr-stub.o)
 .ARM.attributes
                0x00000672       0x1e C:/xpack/xpack-arm-none-eabi-gcc-14.2.1-1.1/bin/../lib/gcc/arm-none-eabi/14.2.1/thumb/v6-m/nofp\libgcc.a(_thumb1_case_shi.o)
 .ARM.attributes
                0x00000690       0x2c C:/xpack/xpack-arm-none-eabi-gcc-14.2.1-1.1/bin/../lib/gcc/arm-none-eabi/14.2.1/../../../../arm-none-eabi/lib/thumb/v6-m/nofp\libnosys.a(close.o)
 .ARM.attributes
                0x000006bc       0x2c C:/xpack/xpack-arm-none-eabi-gcc-14.2.1-1.1/bin/../lib/gcc/arm-none-eabi/14.2.1/../../../../arm-none-eabi/lib/thumb/v6-m/nofp\libnosys.a(fstat.o)
 .ARM.attributes
                0x000006e8       0x2c C:/xpack/xpack-arm-none-eabi-gcc-14.2.1-1.1/bin/../lib/gcc/arm-none-eabi/14.2.1/../../../../arm-none-eabi/lib/thumb/v6-m/nofp\libnosys.a(isatty.o)
 .ARM.attributes
                0x00000714       0x2c C:/xpack/xpack-arm-none-eabi-gcc-14.2.1-1.1/bin/../lib/gcc/arm-none-eabi/14.2.1/../../../../arm-none-eabi/lib/thumb/v6-m/nofp\libnosys.a(lseek.o)
 .ARM.attributes
                0x00000740       0x2c C:/xpack/xpack-arm-none-eabi-gcc-14.2.1-1.1/bin/../lib/gcc/arm-none-eabi/14.2.1/../../../../arm-none-eabi/lib/thumb/v6-m/nofp\libnosys.a(read.o)
 .ARM.attributes
                0x0000076c       0x2c C:/xpack/xpack-arm-none-eabi-gcc-14.2.1-1.1/bin/../lib/gcc/arm-none-eabi/14.2.1/../../../../arm-none-eabi/lib/thumb/v6-m/nofp\libnosys.a(sbrk.o)
 .ARM.attributes
                0x00000798       0x1e C:/xpack/xpack-arm-none-eabi-gcc-14.2.1-1.1/bin/../lib/gcc/arm-none-eabi/14.2.1/thumb/v6-m/nofp/crtn.o
OUTPUT(./Release/Test_Vcc.elf elf32-littlearm)
LOAD linker stubs
LOAD C:/xpack/xpack-arm-none-eabi-gcc-14.2.1-1.1/bin/../lib/gcc/arm-none-eabi/14.2.1/../../../../arm-none-eabi/lib/thumb/v6-m/nofp\libc.a
LOAD C:/xpack/xpack-arm-none-eabi-gcc-14.2.1-1.1/bin/../lib/gcc/arm-none-eabi/14.2.1/../../../../arm-none-eabi/lib/thumb/v6-m/nofp\libm.a
LOAD C:/xpack/xpack-arm-none-eabi-gcc-14.2.1-1.1/bin/../lib/gcc/arm-none-eabi/14.2.1/thumb/v6-m/nofp\libgcc.a

.comment        0x00000000       0x39
 .comment       0x00000000       0x39 C:/xpack/xpack-arm-none-eabi-gcc-14.2.1-1.1/bin/../lib/gcc/arm-none-eabi/14.2.1/thumb/v6-m/nofp/crtbegin.o
                                 0x3a (size before relaxing)
 .comment       0x00000039       0x3a ./Release/.obj/__/__/__/Drivers/PY32F002B_HAL_Driver/Src/py32f002b_ll_utils.o
 .comment       0x00000039       0x3a ./Release/.obj/__/BSP/py32f002bxx_ll_Start_Kit.o
 .comment       0x00000039       0x3a ./Release/.obj/__/Src/main.o
 .comment       0x00000039       0x3a ./Release/.obj/__/Src/py32f002b_it.o
 .comment       0x00000039       0x3a ./Release/.obj/__/System/system_py32f002b.o
 .comment       0x00000039       0x3a C:/xpack/xpack-arm-none-eabi-gcc-14.2.1-1.1/bin/../lib/gcc/arm-none-eabi/14.2.1/../../../../arm-none-eabi/lib/thumb/v6-m/nofp\libc_nano.a(libc_a-findfp.o)
 .comment       0x00000039       0x3a C:/xpack/xpack-arm-none-eabi-gcc-14.2.1-1.1/bin/../lib/gcc/arm-none-eabi/14.2.1/../../../../arm-none-eabi/lib/thumb/v6-m/nofp\libc_nano.a(libc_a-fwalk.o)
 .comment       0x00000039       0x3a C:/xpack/xpack-arm-none-eabi-gcc-14.2.1-1.1/bin/../lib/gcc/arm-none-eabi/14.2.1/../../../../arm-none-eabi/lib/thumb/v6-m/nofp\libc_nano.a(libc_a-printf.o)
 .comment       0x00000039       0x3a C:/xpack/xpack-arm-none-eabi-gcc-14.2.1-1.1/bin/../lib/gcc/arm-none-eabi/14.2.1/../../../../arm-none-eabi/lib/thumb/v6-m/nofp\libc_nano.a(libc_a-setvbuf.o)
 .comment       0x00000039       0x3a C:/xpack/xpack-arm-none-eabi-gcc-14.2.1-1.1/bin/../lib/gcc/arm-none-eabi/14.2.1/../../../../arm-none-eabi/lib/thumb/v6-m/nofp\libc_nano.a(libc_a-stdio.o)
 .comment       0x00000039       0x3a C:/xpack/xpack-arm-none-eabi-gcc-14.2.1-1.1/bin/../lib/gcc/arm-none-eabi/14.2.1/../../../../arm-none-eabi/lib/thumb/v6-m/nofp\libc_nano.a(libc_a-memset.o)
 .comment       0x00000039       0x3a C:/xpack/xpack-arm-none-eabi-gcc-14.2.1-1.1/bin/../lib/gcc/arm-none-eabi/14.2.1/../../../../arm-none-eabi/lib/thumb/v6-m/nofp\libc_nano.a(libc_a-closer.o)
 .comment       0x00000039       0x3a C:/xpack/xpack-arm-none-eabi-gcc-14.2.1-1.1/bin/../lib/gcc/arm-none-eabi/14.2.1/../../../../arm-none-eabi/lib/thumb/v6-m/nofp\libc_nano.a(libc_a-reent.o)
 .comment       0x00000039       0x3a C:/xpack/xpack-arm-none-eabi-gcc-14.2.1-1.1/bin/../lib/gcc/arm-none-eabi/14.2.1/../../../../arm-none-eabi/lib/thumb/v6-m/nofp\libc_nano.a(libc_a-impure.o)
 .comment       0x00000039       0x3a C:/xpack/xpack-arm-none-eabi-gcc-14.2.1-1.1/bin/../lib/gcc/arm-none-eabi/14.2.1/../../../../arm-none-eabi/lib/thumb/v6-m/nofp\libc_nano.a(libc_a-lseekr.o)
 .comment       0x00000039       0x3a C:/xpack/xpack-arm-none-eabi-gcc-14.2.1-1.1/bin/../lib/gcc/arm-none-eabi/14.2.1/../../../../arm-none-eabi/lib/thumb/v6-m/nofp\libc_nano.a(libc_a-readr.o)
 .comment       0x00000039       0x3a C:/xpack/xpack-arm-none-eabi-gcc-14.2.1-1.1/bin/../lib/gcc/arm-none-eabi/14.2.1/../../../../arm-none-eabi/lib/thumb/v6-m/nofp\libc_nano.a(libc_a-writer.o)
 .comment       0x00000039       0x3a C:/xpack/xpack-arm-none-eabi-gcc-14.2.1-1.1/bin/../lib/gcc/arm-none-eabi/14.2.1/../../../../arm-none-eabi/lib/thumb/v6-m/nofp\libc_nano.a(libc_a-init.o)
 .comment       0x00000039       0x3a C:/xpack/xpack-arm-none-eabi-gcc-14.2.1-1.1/bin/../lib/gcc/arm-none-eabi/14.2.1/../../../../arm-none-eabi/lib/thumb/v6-m/nofp\libc_nano.a(libc_a-lock.o)
 .comment       0x00000039       0x3a C:/xpack/xpack-arm-none-eabi-gcc-14.2.1-1.1/bin/../lib/gcc/arm-none-eabi/14.2.1/../../../../arm-none-eabi/lib/thumb/v6-m/nofp\libc_nano.a(libc_a-freer.o)
 .comment       0x00000039       0x3a C:/xpack/xpack-arm-none-eabi-gcc-14.2.1-1.1/bin/../lib/gcc/arm-none-eabi/14.2.1/../../../../arm-none-eabi/lib/thumb/v6-m/nofp\libc_nano.a(libc_a-malloc.o)
 .comment       0x00000039       0x3a C:/xpack/xpack-arm-none-eabi-gcc-14.2.1-1.1/bin/../lib/gcc/arm-none-eabi/14.2.1/../../../../arm-none-eabi/lib/thumb/v6-m/nofp\libc_nano.a(libc_a-mallocr.o)
 .comment       0x00000039       0x3a C:/xpack/xpack-arm-none-eabi-gcc-14.2.1-1.1/bin/../lib/gcc/arm-none-eabi/14.2.1/../../../../arm-none-eabi/lib/thumb/v6-m/nofp\libc_nano.a(libc_a-mlock.o)
 .comment       0x00000039       0x3a C:/xpack/xpack-arm-none-eabi-gcc-14.2.1-1.1/bin/../lib/gcc/arm-none-eabi/14.2.1/../../../../arm-none-eabi/lib/thumb/v6-m/nofp\libc_nano.a(libc_a-nano-vfprintf.o)
 .comment       0x00000039       0x3a C:/xpack/xpack-arm-none-eabi-gcc-14.2.1-1.1/bin/../lib/gcc/arm-none-eabi/14.2.1/../../../../arm-none-eabi/lib/thumb/v6-m/nofp\libc_nano.a(libc_a-nano-vfprintf_i.o)
 .comment       0x00000039       0x3a C:/xpack/xpack-arm-none-eabi-gcc-14.2.1-1.1/bin/../lib/gcc/arm-none-eabi/14.2.1/../../../../arm-none-eabi/lib/thumb/v6-m/nofp\libc_nano.a(libc_a-fflush.o)
 .comment       0x00000039       0x3a C:/xpack/xpack-arm-none-eabi-gcc-14.2.1-1.1/bin/../lib/gcc/arm-none-eabi/14.2.1/../../../../arm-none-eabi/lib/thumb/v6-m/nofp\libc_nano.a(libc_a-makebuf.o)
 .comment       0x00000039       0x3a C:/xpack/xpack-arm-none-eabi-gcc-14.2.1-1.1/bin/../lib/gcc/arm-none-eabi/14.2.1/../../../../arm-none-eabi/lib/thumb/v6-m/nofp\libc_nano.a(libc_a-wbuf.o)
 .comment       0x00000039       0x3a C:/xpack/xpack-arm-none-eabi-gcc-14.2.1-1.1/bin/../lib/gcc/arm-none-eabi/14.2.1/../../../../arm-none-eabi/lib/thumb/v6-m/nofp\libc_nano.a(libc_a-wsetup.o)
 .comment       0x00000039       0x3a C:/xpack/xpack-arm-none-eabi-gcc-14.2.1-1.1/bin/../lib/gcc/arm-none-eabi/14.2.1/../../../../arm-none-eabi/lib/thumb/v6-m/nofp\libc_nano.a(libc_a-fstatr.o)
 .comment       0x00000039       0x3a C:/xpack/xpack-arm-none-eabi-gcc-14.2.1-1.1/bin/../lib/gcc/arm-none-eabi/14.2.1/../../../../arm-none-eabi/lib/thumb/v6-m/nofp\libc_nano.a(libc_a-isattyr.o)
 .comment       0x00000039       0x3a C:/xpack/xpack-arm-none-eabi-gcc-14.2.1-1.1/bin/../lib/gcc/arm-none-eabi/14.2.1/../../../../arm-none-eabi/lib/thumb/v6-m/nofp\libc_nano.a(libc_a-sbrkr.o)
 .comment       0x00000039       0x3a C:/xpack/xpack-arm-none-eabi-gcc-14.2.1-1.1/bin/../lib/gcc/arm-none-eabi/14.2.1/../../../../arm-none-eabi/lib/thumb/v6-m/nofp\libc_nano.a(libc_a-memchr-stub.o)
 .comment       0x00000039       0x3a C:/xpack/xpack-arm-none-eabi-gcc-14.2.1-1.1/bin/../lib/gcc/arm-none-eabi/14.2.1/../../../../arm-none-eabi/lib/thumb/v6-m/nofp\libnosys.a(close.o)
 .comment       0x00000039       0x3a C:/xpack/xpack-arm-none-eabi-gcc-14.2.1-1.1/bin/../lib/gcc/arm-none-eabi/14.2.1/../../../../arm-none-eabi/lib/thumb/v6-m/nofp\libnosys.a(fstat.o)
 .comment       0x00000039       0x3a C:/xpack/xpack-arm-none-eabi-gcc-14.2.1-1.1/bin/../lib/gcc/arm-none-eabi/14.2.1/../../../../arm-none-eabi/lib/thumb/v6-m/nofp\libnosys.a(isatty.o)
 .comment       0x00000039       0x3a C:/xpack/xpack-arm-none-eabi-gcc-14.2.1-1.1/bin/../lib/gcc/arm-none-eabi/14.2.1/../../../../arm-none-eabi/lib/thumb/v6-m/nofp\libnosys.a(lseek.o)
 .comment       0x00000039       0x3a C:/xpack/xpack-arm-none-eabi-gcc-14.2.1-1.1/bin/../lib/gcc/arm-none-eabi/14.2.1/../../../../arm-none-eabi/lib/thumb/v6-m/nofp\libnosys.a(read.o)
 .comment       0x00000039       0x3a C:/xpack/xpack-arm-none-eabi-gcc-14.2.1-1.1/bin/../lib/gcc/arm-none-eabi/14.2.1/../../../../arm-none-eabi/lib/thumb/v6-m/nofp\libnosys.a(sbrk.o)

.debug_info     0x00000000     0x3ceb
 .debug_info    0x00000000      0x44c ./Release/.obj/__/__/__/Drivers/PY32F002B_HAL_Driver/Src/py32f002b_ll_utils.o
 .debug_info    0x0000044c     0x1c8f ./Release/.obj/__/BSP/py32f002bxx_ll_Start_Kit.o
 .debug_info    0x000020db     0x15d3 ./Release/.obj/__/Src/main.o
 .debug_info    0x000036ae      0x135 ./Release/.obj/__/Src/py32f002b_it.o
 .debug_info    0x000037e3       0x30 ./Release/.obj/__/System/startup_py32f002bxx.o
 .debug_info    0x00003813      0x3ef ./Release/.obj/__/System/system_py32f002b.o
 .debug_info    0x00003c02       0x3e C:/xpack/xpack-arm-none-eabi-gcc-14.2.1-1.1/bin/../lib/gcc/arm-none-eabi/14.2.1/thumb/v6-m/nofp\libgcc.a(_udivsi3.o)
 .debug_info    0x00003c40       0x3e C:/xpack/xpack-arm-none-eabi-gcc-14.2.1-1.1/bin/../lib/gcc/arm-none-eabi/14.2.1/thumb/v6-m/nofp\libgcc.a(_divsi3.o)
 .debug_info    0x00003c7e       0x3c C:/xpack/xpack-arm-none-eabi-gcc-14.2.1-1.1/bin/../lib/gcc/arm-none-eabi/14.2.1/thumb/v6-m/nofp\libgcc.a(_dvmd_tls.o)
 .debug_info    0x00003cba       0x31 C:/xpack/xpack-arm-none-eabi-gcc-14.2.1-1.1/bin/../lib/gcc/arm-none-eabi/14.2.1/thumb/v6-m/nofp\libgcc.a(_thumb1_case_shi.o)

.debug_abbrev   0x00000000      0xdd8
 .debug_abbrev  0x00000000      0x286 ./Release/.obj/__/__/__/Drivers/PY32F002B_HAL_Driver/Src/py32f002b_ll_utils.o
 .debug_abbrev  0x00000286      0x4ad ./Release/.obj/__/BSP/py32f002bxx_ll_Start_Kit.o
 .debug_abbrev  0x00000733      0x3ba ./Release/.obj/__/Src/main.o
 .debug_abbrev  0x00000aed       0xb3 ./Release/.obj/__/Src/py32f002b_it.o
 .debug_abbrev  0x00000ba0       0x24 ./Release/.obj/__/System/startup_py32f002bxx.o
 .debug_abbrev  0x00000bc4      0x176 ./Release/.obj/__/System/system_py32f002b.o
 .debug_abbrev  0x00000d3a       0x28 C:/xpack/xpack-arm-none-eabi-gcc-14.2.1-1.1/bin/../lib/gcc/arm-none-eabi/14.2.1/thumb/v6-m/nofp\libgcc.a(_udivsi3.o)
 .debug_abbrev  0x00000d62       0x28 C:/xpack/xpack-arm-none-eabi-gcc-14.2.1-1.1/bin/../lib/gcc/arm-none-eabi/14.2.1/thumb/v6-m/nofp\libgcc.a(_divsi3.o)
 .debug_abbrev  0x00000d8a       0x26 C:/xpack/xpack-arm-none-eabi-gcc-14.2.1-1.1/bin/../lib/gcc/arm-none-eabi/14.2.1/thumb/v6-m/nofp\libgcc.a(_dvmd_tls.o)
 .debug_abbrev  0x00000db0       0x28 C:/xpack/xpack-arm-none-eabi-gcc-14.2.1-1.1/bin/../lib/gcc/arm-none-eabi/14.2.1/thumb/v6-m/nofp\libgcc.a(_thumb1_case_shi.o)

.debug_loclists
                0x00000000      0xbc5
 .debug_loclists
                0x00000000       0xfe ./Release/.obj/__/__/__/Drivers/PY32F002B_HAL_Driver/Src/py32f002b_ll_utils.o
 .debug_loclists
                0x000000fe      0x5dc ./Release/.obj/__/BSP/py32f002bxx_ll_Start_Kit.o
 .debug_loclists
                0x000006da      0x49a ./Release/.obj/__/Src/main.o
 .debug_loclists
                0x00000b74       0x51 ./Release/.obj/__/System/system_py32f002b.o

.debug_aranges  0x00000000      0x1f8
 .debug_aranges
                0x00000000       0x38 ./Release/.obj/__/__/__/Drivers/PY32F002B_HAL_Driver/Src/py32f002b_ll_utils.o
 .debug_aranges
                0x00000038       0x80 ./Release/.obj/__/BSP/py32f002bxx_ll_Start_Kit.o
 .debug_aranges
                0x000000b8       0x30 ./Release/.obj/__/Src/main.o
 .debug_aranges
                0x000000e8       0x40 ./Release/.obj/__/Src/py32f002b_it.o
 .debug_aranges
                0x00000128       0x28 ./Release/.obj/__/System/startup_py32f002bxx.o
 .debug_aranges
                0x00000150       0x28 ./Release/.obj/__/System/system_py32f002b.o
 .debug_aranges
                0x00000178       0x20 C:/xpack/xpack-arm-none-eabi-gcc-14.2.1-1.1/bin/../lib/gcc/arm-none-eabi/14.2.1/thumb/v6-m/nofp\libgcc.a(_udivsi3.o)
 .debug_aranges
                0x00000198       0x20 C:/xpack/xpack-arm-none-eabi-gcc-14.2.1-1.1/bin/../lib/gcc/arm-none-eabi/14.2.1/thumb/v6-m/nofp\libgcc.a(_divsi3.o)
 .debug_aranges
                0x000001b8       0x20 C:/xpack/xpack-arm-none-eabi-gcc-14.2.1-1.1/bin/../lib/gcc/arm-none-eabi/14.2.1/thumb/v6-m/nofp\libgcc.a(_dvmd_tls.o)
 .debug_aranges
                0x000001d8       0x20 C:/xpack/xpack-arm-none-eabi-gcc-14.2.1-1.1/bin/../lib/gcc/arm-none-eabi/14.2.1/thumb/v6-m/nofp\libgcc.a(_thumb1_case_shi.o)

.debug_rnglists
                0x00000000      0x383
 .debug_rnglists
                0x00000000       0x58 ./Release/.obj/__/__/__/Drivers/PY32F002B_HAL_Driver/Src/py32f002b_ll_utils.o
 .debug_rnglists
                0x00000058      0x149 ./Release/.obj/__/BSP/py32f002bxx_ll_Start_Kit.o
 .debug_rnglists
                0x000001a1      0x185 ./Release/.obj/__/Src/main.o
 .debug_rnglists
                0x00000326       0x2b ./Release/.obj/__/Src/py32f002b_it.o
 .debug_rnglists
                0x00000351       0x19 ./Release/.obj/__/System/startup_py32f002bxx.o
 .debug_rnglists
                0x0000036a       0x19 ./Release/.obj/__/System/system_py32f002b.o

.debug_line     0x00000000     0x1c54
 .debug_line    0x00000000      0x3d6 ./Release/.obj/__/__/__/Drivers/PY32F002B_HAL_Driver/Src/py32f002b_ll_utils.o
 .debug_line    0x000003d6      0x95f ./Release/.obj/__/BSP/py32f002bxx_ll_Start_Kit.o
 .debug_line    0x00000d35      0x942 ./Release/.obj/__/Src/main.o
 .debug_line    0x00001677      0x189 ./Release/.obj/__/Src/py32f002b_it.o
 .debug_line    0x00001800       0x7c ./Release/.obj/__/System/startup_py32f002bxx.o
 .debug_line    0x0000187c      0x288 ./Release/.obj/__/System/system_py32f002b.o
 .debug_line    0x00001b04       0x56 C:/xpack/xpack-arm-none-eabi-gcc-14.2.1-1.1/bin/../lib/gcc/arm-none-eabi/14.2.1/thumb/v6-m/nofp\libgcc.a(_udivsi3.o)
 .debug_line    0x00001b5a       0x5d C:/xpack/xpack-arm-none-eabi-gcc-14.2.1-1.1/bin/../lib/gcc/arm-none-eabi/14.2.1/thumb/v6-m/nofp\libgcc.a(_divsi3.o)
 .debug_line    0x00001bb7       0x4a C:/xpack/xpack-arm-none-eabi-gcc-14.2.1-1.1/bin/../lib/gcc/arm-none-eabi/14.2.1/thumb/v6-m/nofp\libgcc.a(_dvmd_tls.o)
 .debug_line    0x00001c01       0x53 C:/xpack/xpack-arm-none-eabi-gcc-14.2.1-1.1/bin/../lib/gcc/arm-none-eabi/14.2.1/thumb/v6-m/nofp\libgcc.a(_thumb1_case_shi.o)

.debug_str      0x00000000     0x14c3
 .debug_str     0x00000000     0x14c3 ./Release/.obj/__/__/__/Drivers/PY32F002B_HAL_Driver/Src/py32f002b_ll_utils.o
                                0x364 (size before relaxing)
 .debug_str     0x000014c3      0xbe4 ./Release/.obj/__/BSP/py32f002bxx_ll_Start_Kit.o
 .debug_str     0x000014c3      0x9bb ./Release/.obj/__/Src/main.o
 .debug_str     0x000014c3      0x21f ./Release/.obj/__/Src/py32f002b_it.o
 .debug_str     0x000014c3       0x80 ./Release/.obj/__/System/startup_py32f002bxx.o
 .debug_str     0x000014c3      0x2de ./Release/.obj/__/System/system_py32f002b.o
 .debug_str     0x000014c3      0x155 C:/xpack/xpack-arm-none-eabi-gcc-14.2.1-1.1/bin/../lib/gcc/arm-none-eabi/14.2.1/thumb/v6-m/nofp\libgcc.a(_udivsi3.o)
 .debug_str     0x000014c3      0x153 C:/xpack/xpack-arm-none-eabi-gcc-14.2.1-1.1/bin/../lib/gcc/arm-none-eabi/14.2.1/thumb/v6-m/nofp\libgcc.a(_divsi3.o)
 .debug_str     0x000014c3      0x156 C:/xpack/xpack-arm-none-eabi-gcc-14.2.1-1.1/bin/../lib/gcc/arm-none-eabi/14.2.1/thumb/v6-m/nofp\libgcc.a(_dvmd_tls.o)
 .debug_str     0x000014c3      0x150 C:/xpack/xpack-arm-none-eabi-gcc-14.2.1-1.1/bin/../lib/gcc/arm-none-eabi/14.2.1/thumb/v6-m/nofp\libgcc.a(_thumb1_case_shi.o)

.debug_frame    0x00000000      0x2a8
 .debug_frame   0x00000000       0x64 ./Release/.obj/__/__/__/Drivers/PY32F002B_HAL_Driver/Src/py32f002b_ll_utils.o
 .debug_frame   0x00000064      0x114 ./Release/.obj/__/BSP/py32f002bxx_ll_Start_Kit.o
 .debug_frame   0x00000178       0x54 ./Release/.obj/__/Src/main.o
 .debug_frame   0x000001cc       0x60 ./Release/.obj/__/Src/py32f002b_it.o
 .debug_frame   0x0000022c       0x3c ./Release/.obj/__/System/system_py32f002b.o
 .debug_frame   0x00000268       0x20 C:/xpack/xpack-arm-none-eabi-gcc-14.2.1-1.1/bin/../lib/gcc/arm-none-eabi/14.2.1/thumb/v6-m/nofp\libgcc.a(_udivsi3.o)
 .debug_frame   0x00000288       0x20 C:/xpack/xpack-arm-none-eabi-gcc-14.2.1-1.1/bin/../lib/gcc/arm-none-eabi/14.2.1/thumb/v6-m/nofp\libgcc.a(_divsi3.o)

.debug_line_str
                0x00000000      0x190
 .debug_line_str
                0x00000000      0x190 ./Release/.obj/__/System/startup_py32f002bxx.o
                                 0x64 (size before relaxing)
 .debug_line_str
                0x00000190      0x12c C:/xpack/xpack-arm-none-eabi-gcc-14.2.1-1.1/bin/../lib/gcc/arm-none-eabi/14.2.1/thumb/v6-m/nofp\libgcc.a(_udivsi3.o)
 .debug_line_str
                0x00000190      0x12c C:/xpack/xpack-arm-none-eabi-gcc-14.2.1-1.1/bin/../lib/gcc/arm-none-eabi/14.2.1/thumb/v6-m/nofp\libgcc.a(_divsi3.o)
 .debug_line_str
                0x00000190      0x12c C:/xpack/xpack-arm-none-eabi-gcc-14.2.1-1.1/bin/../lib/gcc/arm-none-eabi/14.2.1/thumb/v6-m/nofp\libgcc.a(_dvmd_tls.o)
 .debug_line_str
                0x00000190      0x12c C:/xpack/xpack-arm-none-eabi-gcc-14.2.1-1.1/bin/../lib/gcc/arm-none-eabi/14.2.1/thumb/v6-m/nofp\libgcc.a(_thumb1_case_shi.o)
